// Jest Snapshot v1, https://goo.gl/fbAQLP

exports[`Card Snapshots should match the snapshot 1`] = `
<div
  className="card light"
>
  <h1>
    Elefant
  </h1>
  <img
    alt="Elefant"
    height="200"
    src="/Bild"
    width="200"
  />
  <table
    className="sc-dkzDqf ePGVba"
  >
    <tbody>
      <tr
        className="sc-gsnTZi iytFdT"
        onClick={[Function]}
      >
        <td
          className="sc-bczRLJ OKfSj"
        >
          Größe
        </td>
        <td
          className="sc-bczRLJ OKfSj"
        >
          3.3
           
          m
        </td>
      </tr>
      <tr
        className="sc-gsnTZi iytFdT"
        onClick={[Function]}
      >
        <td
          className="sc-bczRLJ OKfSj"
        >
          Gewicht
        </td>
        <td
          className="sc-bczRLJ OKfSj"
        >
          6000
           
          kg
        </td>
      </tr>
      <tr
        className="sc-gsnTZi iytFdT"
        onClick={[Function]}
      >
        <td
          className="sc-bczRLJ OKfSj"
        >
          Alter
        </td>
        <td
          className="sc-bczRLJ OKfSj"
        >
          70
           
          Jahre
        </td>
      </tr>
      <tr
        className="sc-gsnTZi iytFdT"
        onClick={[Function]}
      >
        <td
          className="sc-bczRLJ OKfSj"
        >
          Nachkommen
        </td>
        <td
          className="sc-bczRLJ OKfSj"
        >
          1
           
        </td>
      </tr>
      <tr
        className="sc-gsnTZi iytFdT"
        onClick={[Function]}
      >
        <td
          className="sc-bczRLJ OKfSj"
        >
          Geschwindigkeit
        </td>
        <td
          className="sc-bczRLJ OKfSj"
        >
          40
           
          km/h
        </td>
      </tr>
    </tbody>
  </table>
</div>
`;
